// Jest Snapshot v1, https://goo.gl/fbAQLP

exports[`Atoms/Loading should render snapshot 1`] = `
<View
  style={
    Array [
      Object {
        "alignItems": "center",
        "flexBasis": 0,
        "flexGrow": 1,
        "flexShrink": 1,
        "justifyContent": "center",
      },
    ]
  }
  testID="Loading"
>
  <ActivityIndicator
    color="black"
    size="small"
  />
</View>
`;
